GESPI Claim 2A (REAL DATA) | conformal risk control on real AlphaFold DB pLDDT vs real PDB structures
Downloading / loading cached real per-residue (confidence, error) data for the curated panel...

Real panel: 19 proteins, 4134 matched residues (easy pool 2706 residues from 16 proteins, hard pool 1428 residues from 3 proteins)
Overall real error rate (>3A after superposition): 0.3374  (easy pool 0.0033, hard pool 0.9706)

GESPI bootstrap params: n=10 (Rr=500 real residues/trial) Rs=5000 Rtest=20000 T=3000 eps=0.05 seed=20260717

== regime: informative_real (synthetic pool: same real mixed easy+hard distribution as the test pool) ==
alpha      method    risk   +-SE  <=a? <=a+e? abstain%  +-SE absRedVsReal%
 0.05    OnlyReal  0.0000 0.0000  True   True    100.0  0.00           0.0
 0.05   OnlySynth  0.0504 0.0001  True   True     31.2  0.01          68.8
 0.05 NaivePooled  0.0503 0.0001  True   True     31.2  0.01          68.8
 0.05       GESPI  0.0113 0.0001  True   True     38.5  0.04   61.5 (1705SE)
 0.10    OnlyReal  0.0113 0.0001  True   True     38.5  0.04           0.0
 0.10   OnlySynth  0.0993 0.0001  True   True     25.3  0.01          34.2
 0.10 NaivePooled  0.0994 0.0001  True   True     25.3  0.01          34.2
 0.10       GESPI  0.0659 0.0002  True   True     29.4  0.02   23.6 ( 260SE)
 0.15    OnlyReal  0.0659 0.0002  True   True     29.4  0.02           0.0
 0.15   OnlySynth  0.1505 0.0001  True   True     19.6  0.01          33.2
 0.15 NaivePooled  0.1506 0.0001  True   True     19.6  0.01          33.3
 0.15       GESPI  0.1213 0.0003  True   True     22.8  0.03   22.2 ( 309SE)

== regime: adversarial_real_easypool (synthetic pool: REAL easy-only proteins (over-optimistic vs the real mixed test pool, which also contains hard real proteins)) ==
alpha      method    risk   +-SE  <=a? <=a+e? abstain%  +-SE absRedVsReal%
 0.05    OnlyReal  0.0000 0.0000  True   True    100.0  0.00           0.0
 0.05   OnlySynth  0.3388 0.0000 False  False      0.0  0.00         100.0
 0.05 NaivePooled  0.3388 0.0000 False  False      0.0  0.00         100.0
 0.05       GESPI  0.0113 0.0001  True   True     38.4  0.04   61.6 (1737SE)
 0.10    OnlyReal  0.0113 0.0001  True   True     38.4  0.04           0.0
 0.10   OnlySynth  0.3388 0.0000 False  False      0.0  0.00         100.0
 0.10 NaivePooled  0.3388 0.0000 False  False      0.0  0.00         100.0
 0.10       GESPI  0.0652 0.0002  True   True     29.5  0.02   23.3 ( 255SE)
 0.15    OnlyReal  0.0652 0.0002  True   True     29.5  0.02           0.0
 0.15   OnlySynth  0.3388 0.0000 False  False      0.0  0.00         100.0
 0.15 NaivePooled  0.3388 0.0000 False  False      0.0  0.00         100.0
 0.15       GESPI  0.1207 0.0003  True   True     22.9  0.03   22.2 ( 305SE)

--- Checks (pre-registered, mirroring repro_claim2a.py) ---
[validity] OnlyReal risk <= alpha (informative_real): True
[validity] GESPI risk <= alpha (informative_real): True
[validity] GESPI risk <= alpha+eps guardrail (adversarial_real_easypool): True
[efficiency] GESPI abstains LESS than OnlyReal at every alpha (>5 SE), reductions%=[61.5, 23.6, 22.2]: True
[control] NaivePooled VIOLATES risk (> alpha) under real easy-only (over-optimistic) synthetic pool: True
[control] OnlySynth VIOLATES risk (> alpha) under real easy-only (over-optimistic) synthetic pool: True

VERDICT PASS = True

[LIMITATION] Real curated panel = 19 proteins / 4134 measured residues total (vs paper's n=10 real + N=1000 synthetic proteins). Monte-Carlo trials are a nonparametric bootstrap over this fixed real (confidence, error) empirical distribution, not a resample from an infinite population; precision is bounded by this real sample size.
wrote results_2a_real.json
