GESPI Claim 2C | confidence-interval coverage+width | n=50 N=500 alpha=0.05 eps=0.02 bound(miscov)=0.07 reps=200000 seed=31415926
exact Gaussian z-intervals: OnlyReal coverage is exactly 1-alpha; theta*=0.0 known.

== matched(P=Q)  mu_s=0.0  (nominal coverage 1-a=0.95, guardrail 1-(a+e)=0.93) ==
      method  coverage    +-SE  miscov  <=a+e?   width vsOnlyReal
    OnlyReal    0.9498  0.0005  0.0502    True  0.5544      0.00%
 OnlyReal_ae    0.9303  0.0006  0.0697    True  0.5125      7.55%
 NaivePooled    0.9506  0.0005  0.0494    True  0.1671     69.85%
   OnlySynth    0.9502  0.0005  0.0498    True  0.1753     68.38%
       GESPI    0.9484  0.0005  0.0516    True  0.5160      6.93%

== mild-shift  mu_s=0.2  (nominal coverage 1-a=0.95, guardrail 1-(a+e)=0.93) ==
      method  coverage    +-SE  miscov  <=a+e?   width vsOnlyReal
    OnlyReal    0.9507  0.0005  0.0493    True  0.5544      0.00%
 OnlyReal_ae    0.9306  0.0006  0.0694    True  0.5125      7.55%
 NaivePooled    0.0103  0.0002  0.9897   False  0.1671     69.85%
   OnlySynth    0.0057  0.0002  0.9943   False  0.1753     68.38%
       GESPI    0.9309  0.0006  0.0691    True  0.5208      6.06%

== ADVERSARIAL  mu_s=0.5  (nominal coverage 1-a=0.95, guardrail 1-(a+e)=0.93) ==
      method  coverage    +-SE  miscov  <=a+e?   width vsOnlyReal
    OnlyReal    0.9503  0.0005  0.0497    True  0.5544      0.00%
 OnlyReal_ae    0.9301  0.0006  0.0699    True  0.5125      7.55%
 NaivePooled    0.0000  0.0000  1.0000   False  0.1671     69.85%
   OnlySynth    0.0000  0.0000  1.0000   False  0.1753     68.38%
       GESPI    0.9301  0.0006  0.0699    True  0.5166      6.80%

--- Checks (pre-registered) ---
[validity] GESPI miscoverage <= alpha+eps=0.07 in all regimes: True (matched=0.0516, mild=0.0691, adv=0.0699)
[validity] GESPI coverage ~ nominal 1-alpha when informative: True (matched=0.9484)
[validity] OnlyReal coverage exactly 1-alpha=0.95 (base is valid): True
[efficiency] GESPI CI narrower than OnlyReal, 6.93% reduction, gap 0.0384 = 2280 SE: True
[control] naive methods valid when matched (cov>=0.94): True (pool=0.9506, synth=0.9502)
[control] naive methods VIOLATE under shift (cov<0.90): True (pool=0.0000, synth=0.0000)

VERDICT PASS = True
wrote results_2c.json
