GESPI Claim 2A | conformal RISK control | n=10 N=1000 eps=0.05 M=50 T=3000 Rtest=200000 seed=20260717
(risk/abstention are Monte-Carlo means over T trials +- MC standard error)

== regime: informative ==
alpha      method    risk   +-SE  <=a? <=a+e? abstain%  +-SE absRedVsReal%
 0.05    OnlyReal  0.0000 0.0000  True   True    100.0  0.00           0.0
 0.05   OnlySynth  0.0455 0.0001  True   True     72.0  0.02          28.0
 0.05 NaivePooled  0.0458 0.0001  True   True     71.9  0.02          28.1
 0.05       GESPI  0.0119 0.0001  True   True     87.3  0.06   12.7 ( 227SE)
 0.10    OnlyReal  0.0119 0.0001  True   True     87.3  0.06           0.0
 0.10   OnlySynth  0.0969 0.0001  True   True     57.8  0.02          33.8
 0.10 NaivePooled  0.0973 0.0001  True   True     57.7  0.02          33.9
 0.10       GESPI  0.0663 0.0002  True   True     65.8  0.06   24.7 ( 343SE)
 0.15    OnlyReal  0.0663 0.0002  True   True     65.8  0.06           0.0
 0.15   OnlySynth  0.1484 0.0001  True   True     46.9  0.02          28.6
 0.15 NaivePooled  0.1486 0.0001  True   True     46.9  0.02          28.7
 0.15       GESPI  0.1217 0.0003  True   True     52.3  0.05   20.4 ( 323SE)

== regime: adversarial ==
alpha      method    risk   +-SE  <=a? <=a+e? abstain%  +-SE absRedVsReal%
 0.05    OnlyReal  0.0000 0.0000  True   True    100.0  0.00           0.0
 0.05   OnlySynth  0.1348 0.0001 False  False     49.6  0.03          50.4
 0.05 NaivePooled  0.1186 0.0001 False  False     52.9  0.02          47.1
 0.05       GESPI  0.0118 0.0001  True   True     87.3  0.06   12.7 ( 227SE)
 0.10    OnlyReal  0.0118 0.0001  True   True     87.3  0.06           0.0
 0.10   OnlySynth  0.2388 0.0001 False  False     31.8  0.02          63.6
 0.10 NaivePooled  0.2167 0.0001 False  False     35.2  0.02          59.7
 0.10       GESPI  0.0665 0.0002  True   True     65.7  0.06   24.8 ( 352SE)
 0.15    OnlyReal  0.0665 0.0002  True   True     65.7  0.06           0.0
 0.15   OnlySynth  0.3245 0.0001 False  False     20.0  0.02          69.6
 0.15 NaivePooled  0.2999 0.0001 False  False     23.2  0.02          64.7
 0.15       GESPI  0.1221 0.0003  True   True     52.2  0.05   20.5 ( 312SE)

--- Checks (pre-registered) ---
[validity] OnlyReal risk <= alpha (informative): True
[validity] GESPI risk <= alpha (informative): True
[validity] GESPI risk <= alpha+eps guardrail (adversarial): True
[efficiency] GESPI abstains LESS than OnlyReal at every alpha (>5 SE), reductions%=[12.7, 24.7, 20.4]: True
[control] NaivePooled VIOLATES risk (> alpha) under adversarial synth: True
[control] OnlySynth (paper baseline) VIOLATES risk (> alpha) under adversarial synth: True

VERDICT PASS = True
wrote results_2a.json
