== HT-FTRL-UOB (unknown transition), 2-layer MDP; noise check E[|noise|^a]<=1 ==
   alpha= 1.3: E[|noise|^a]= 0.622
   alpha= 1.5: E[|noise|^a]= 0.598
   alpha= 2.0: E[|noise|^a]= 0.416

#### MODE=stoch : self-bounding rate  (K=3, seeds=24, fixed gap Delta=0.7) ####
   single run to T=64000, checkpoints [1000, 2000, 4000, 8000, 16000, 32000, 64000]; target polylog O(log^2 T)
   Reg_T (HT-FTRL-UOB, unknown transition):
     alpha=1.3:   294.96    497.95    834.21   1324.31   2021.84   2978.75   4278.49
     alpha=1.5:   234.48    374.43    553.36    782.22   1025.42   1301.21   1610.65
     alpha=2.0:   162.35    225.93    293.97    364.74    431.12    500.20    567.54
   sqrt-ratio over range = 8.00
    alpha   loglog_p   R2(log)  R2(log2)   R2(sqrt) polylog PASS?
      1.3      0.643    0.9226    0.9987     0.9998            no
      1.5      0.458    0.9853    0.9999     0.9717           yes
      2.0      0.295    0.9999    0.9999     0.9230           yes
   Reg/sqrt(T) (should fall for polylog):
     alpha=1.3: [9.327, 11.134, 13.190, 14.806, 15.984, 16.652, 16.912]
     alpha=1.5: [7.415, 8.372, 8.749, 8.745, 8.107, 7.274, 6.367]
     alpha=2.0: [5.134, 5.052, 4.648, 4.078, 3.408, 2.796, 2.243]
   STOCH RULE: sub-sqrt slope AND Reg/sqrt(T) falling AND deg-2-log fit R2>=0.97, for >=2 alphas -> PASS

[wrote results.json]  adv_pass=True stoch_pass=True both=True
[runtime 18.0s]  numpy=2.2.6
EVIDENCE_BEGIN
{"orid": "j6gXeiPJ3z", "claim": "Theorem 5.1: HT-FTRL-UOB unknown-transition BoBW; adv O~(T^{1/a}+sqrt T), stoch O(log^2 T)", "reduction": "2-layer episodic MDP (s0 -> {good,bad}); transitions UNKNOWN, learned by doubling-epoch counts + UOB", "K": 3, "M": 2, "P0": 0.1, "C": 1.0, "cconf": 0.25, "dexp": 1.0, "n_seed": 24, "n_bisect": 7, "alphas": [1.3, 1.5, 2.0], "noise_moment_empirical": {"1.3": 0.6221200129045309, "1.5": 0.5979089172368979, "2.0": 0.4161691671753156}, "numpy": "2.2.6", "stochastic": {"tmax": 64000, "checkpoints": [1000, 2000, 4000, 8000, 16000, 32000, 64000], "delta": 0.7, "ratio_sqrt": 8.0, "per_alpha": {"1.3": {"reg_uob": [294.955895405602, 497.94780870779135, 834.2064894819437, 1324.3147280530795, 2021.8414583685633, 2978.7479353479, 4278.494483010109], "reg_oracle": [116.82519343319092, 178.70109847925403, 268.06831710215414, 396.26352918499657, 564.1693049380277, 774.7399817930045, 1030.46902550028], "loglog_slope": 0.6433596028903762, "sqrt_tail_decreasing": false, "sqrt_decay_ratio": 1.8131924762542184, "pass_": false, "r2_log": 0.922607808888257, "r2_log2": 0.9986770937066176, "r2_sqrt": 0.9998058244931044}, "1.5": {"reg_uob": [234.48287031602, 374.427440414185, 553.35525134652, 782.2163264797813, 1025.4197574191658, 1301.2061661567755, 1610.6544697362644], "reg_oracle": [54.17721488245052, 70.3179155734561, 87.7255154620247, 106.47399435912753, 126.26005974542319, 146.85633499100956, 167.76278451320903], "loglog_slope": 0.45801419523671294, "sqrt_tail_decreasing": true, "sqrt_decay_ratio": 0.8586205399383409, "pass_": true, "r2_log": 0.9852955682658757, "r2_log2": 0.9998892113790507, "r2_sqrt": 0.9716930174808015}, "2.0": {"reg_uob": [162.35464519393454, 225.93095788969472, 293.96555990265136, 364.7426504790523, 431.1224154930399, 500.19708050667737, 567.5405438331344], "reg_oracle": [19.204458743635854, 21.661937699271743, 23.892221611552575, 26.062025008025724, 28.177132023259674, 30.265015362546773, 32.31066061731855], "loglog_slope": 0.29508586282857713, "sqrt_tail_decreasing": true, "sqrt_decay_ratio": 0.4369605063926571, "pass_": true, "r2_log": 0.9998868648954647, "r2_log2": 0.9999082840986415, "r2_sqrt": 0.9229746449631833}}, "n_pass": 2, "verdict_pass": true}, "adversarial": {"horizons": [1000, 2000, 4000, 8000], "C0": 1.5, "per_alpha": {"1.3": {"target": 0.7692307692307692, "uob_slope": 0.7476323569745413, "oracle_slope": 0.7413997066926595, "reg_uob": [176.67431296770636, 297.6572513494251, 498.34133431556444, 837.0842048504243], "reg_oracle": [123.60878210356152, 214.2398399502957, 345.61419204669636, 584.4724590250923], "uob_minus_oracle": [53.06553086414483, 83.4174113991294, 152.72714226886808, 252.61174582533192], "match": true}, "1.5": {"target": 0.6666666666666666, "uob_slope": 0.6515700103903083, "oracle_slope": 0.6328869947323864, "reg_uob": [91.19424318359991, 147.42193246913766, 227.5588458261259, 355.5744994318429], "reg_oracle": [65.41682200103871, 101.0652585896667, 155.2552853917125, 244.68152132725302], "uob_minus_oracle": [25.7774211825612, 46.35667387947096, 72.30356043441338, 110.8929781045899], "match": true}, "2.0": {"target": 0.5, "uob_slope": 0.48852438171192236, "oracle_slope": 0.46244220561084654, "reg_uob": [30.820317583165803, 42.77667246374893, 60.10481795623329, 85.07552843111522], "reg_oracle": [21.415577332382682, 28.739230124704775, 39.98196930586791, 55.84230720728636], "uob_minus_oracle": [9.40474025078312, 14.037442339044155, 20.122848650365377, 29.233221223828856], "match": true}}, "n_match": 3, "monotone": true, "sublinear": true, "verdict_pass": true}, "both_regimes_pass": true}
EVIDENCE_END
