== HT-FTRL-UOB (unknown transition), 2-layer MDP; noise check E[|noise|^a]<=1 ==
   alpha= 1.3: E[|noise|^a]= 0.622
   alpha= 1.5: E[|noise|^a]= 0.598
   alpha= 2.0: E[|noise|^a]= 0.416

#### MODE=stoch : self-bounding rate  (K=3, seeds=24, fixed gap Delta=0.85) ####
   single run to T=64000, checkpoints [1000, 2000, 4000, 8000, 16000, 32000, 64000]; target polylog O(log^2 T)
   Reg_T (HT-FTRL-UOB, unknown transition):
     alpha=1.3:   296.30    480.34    778.83   1197.93   1767.08   2558.07   3565.82
     alpha=1.5:   225.07    341.66    491.60    678.58    870.28   1084.13   1320.25
     alpha=2.0:   151.92    206.12    264.19    321.51    377.42    436.86    491.72
   sqrt-ratio over range = 8.00
    alpha   loglog_p   R2(log)  R2(log2)   R2(sqrt) polylog PASS?
      1.3      0.599    0.9333    0.9992     0.9991            no
      1.5      0.422    0.9891    0.9998     0.9655           yes
      2.0      0.277    0.9999    0.9999     0.9220           yes
   Reg/sqrt(T) (should fall for polylog):
     alpha=1.3: [9.370, 10.741, 12.314, 13.393, 13.970, 14.300, 14.095]
     alpha=1.5: [7.117, 7.640, 7.773, 7.587, 6.880, 6.060, 5.219]
     alpha=2.0: [4.804, 4.609, 4.177, 3.595, 2.984, 2.442, 1.944]
   STOCH RULE: sub-sqrt slope AND Reg/sqrt(T) falling AND deg-2-log fit R2>=0.97, for >=2 alphas -> PASS

[wrote results.json]  adv_pass=True stoch_pass=True both=True
[runtime 17.0s]  numpy=2.2.6
EVIDENCE_BEGIN
{"orid": "j6gXeiPJ3z", "claim": "Theorem 5.1: HT-FTRL-UOB unknown-transition BoBW; adv O~(T^{1/a}+sqrt T), stoch O(log^2 T)", "reduction": "2-layer episodic MDP (s0 -> {good,bad}); transitions UNKNOWN, learned by doubling-epoch counts + UOB", "K": 3, "M": 2, "P0": 0.1, "C": 1.0, "cconf": 0.25, "dexp": 1.0, "n_seed": 24, "n_bisect": 7, "alphas": [1.3, 1.5, 2.0], "noise_moment_empirical": {"1.3": 0.6221200129045309, "1.5": 0.5979089172368979, "2.0": 0.4161691671753156}, "numpy": "2.2.6", "stochastic": {"tmax": 64000, "checkpoints": [1000, 2000, 4000, 8000, 16000, 32000, 64000], "delta": 0.85, "ratio_sqrt": 8.0, "per_alpha": {"1.3": {"reg_uob": [296.2973139005983, 480.340595661281, 778.8300234259949, 1197.9264923835963, 1767.0833928565205, 2558.071610494589, 3565.8158666425606], "reg_oracle": [108.77604468843624, 159.03804992863925, 228.74967783633335, 325.5557803061976, 446.8863397469842, 591.994197507111, 762.3567281127954], "loglog_slope": 0.5991138567820392, "sqrt_tail_decreasing": false, "sqrt_decay_ratio": 1.5043234022696959, "pass_": false, "r2_log": 0.9332878679105951, "r2_log2": 0.9991746452979515, "r2_sqrt": 0.9990808290217722}, "1.5": {"reg_uob": [225.07257301753194, 341.6555386997618, 491.5953803445832, 678.5772908165666, 870.2754565654019, 1084.1323341902678, 1320.2486658666255], "reg_oracle": [48.17276102630969, 60.6653232489245, 73.91746928261243, 87.84386026924635, 102.24717638834967, 117.0120539662351, 131.8230912240774], "loglog_slope": 0.42188914987701254, "sqrt_tail_decreasing": true, "sqrt_decay_ratio": 0.7332349784816881, "pass_": true, "r2_log": 0.9891195651731969, "r2_log2": 0.9997982618998654, "r2_sqrt": 0.9655380505983631}, "2.0": {"reg_uob": [151.91910284379506, 206.12134088293692, 264.18592412269066, 321.5075636444581, 377.42059800343577, 436.86109287842004, 491.7226614094996], "reg_oracle": [18.178863323523704, 20.2380086588711, 22.094881014969303, 23.89404156065123, 25.643902058865574, 27.36896091937992, 29.057504654647783], "loglog_slope": 0.2773430608253733, "sqrt_tail_decreasing": true, "sqrt_decay_ratio": 0.4045925201347904, "pass_": true, "r2_log": 0.9999181770155156, "r2_log2": 0.9999252799234484, "r2_sqrt": 0.9220440733657619}}, "n_pass": 2, "verdict_pass": true}, "adversarial": {"horizons": [1000, 2000, 4000, 8000], "C0": 1.5, "per_alpha": {"1.3": {"target": 0.7692307692307692, "uob_slope": 0.7476323569745413, "oracle_slope": 0.7413997066926595, "reg_uob": [176.67431296770636, 297.6572513494251, 498.34133431556444, 837.0842048504243], "reg_oracle": [123.60878210356152, 214.2398399502957, 345.61419204669636, 584.4724590250923], "uob_minus_oracle": [53.06553086414483, 83.4174113991294, 152.72714226886808, 252.61174582533192], "match": true}, "1.5": {"target": 0.6666666666666666, "uob_slope": 0.6515700103903083, "oracle_slope": 0.6328869947323864, "reg_uob": [91.19424318359991, 147.42193246913766, 227.5588458261259, 355.5744994318429], "reg_oracle": [65.41682200103871, 101.0652585896667, 155.2552853917125, 244.68152132725302], "uob_minus_oracle": [25.7774211825612, 46.35667387947096, 72.30356043441338, 110.8929781045899], "match": true}, "2.0": {"target": 0.5, "uob_slope": 0.48852438171192236, "oracle_slope": 0.46244220561084654, "reg_uob": [30.820317583165803, 42.77667246374893, 60.10481795623329, 85.07552843111522], "reg_oracle": [21.415577332382682, 28.739230124704775, 39.98196930586791, 55.84230720728636], "uob_minus_oracle": [9.40474025078312, 14.037442339044155, 20.122848650365377, 29.233221223828856], "match": true}}, "n_match": 3, "monotone": true, "sublinear": true, "verdict_pass": true}, "both_regimes_pass": true}
EVIDENCE_END
