== HT-FTRL-UOB (unknown transition), 2-layer MDP; noise check E[|noise|^a]<=1 ==
   alpha= 1.3: E[|noise|^a]= 0.622
   alpha= 1.5: E[|noise|^a]= 0.598
   alpha= 2.0: E[|noise|^a]= 0.416

#### MODE=stoch : self-bounding rate  (K=3, seeds=16, fixed gap Delta=0.35) ####
   single run to T=32000, checkpoints [1000, 2000, 4000, 8000, 16000, 32000]; target polylog O(log^2 T)
   Reg_T (HT-FTRL-UOB, unknown transition):
     alpha=1.3:   196.34    367.94    679.36   1206.62   2102.96   3531.16
     alpha=1.5:   180.53    313.73    538.45    837.96   1244.71   1746.77
     alpha=2.0:   141.85    214.75    305.69    409.24    515.96    626.44
   sqrt-ratio over range = 5.66
    alpha   loglog_p   R2(log)  R2(log2)   R2(sqrt) polylog PASS?
      1.3      0.835    0.8865    0.9959     0.9898            no
      1.5      0.656    0.9558    0.9999     0.9983            no
      2.0      0.427    0.9952    0.9997     0.9673           yes
   Reg/sqrt(T) (should fall for polylog):
     alpha=1.3: [6.209, 8.227, 10.742, 13.490, 16.625, 19.740]
     alpha=1.5: [5.709, 7.015, 8.514, 9.369, 9.840, 9.765]
     alpha=2.0: [4.486, 4.802, 4.833, 4.575, 4.079, 3.502]
   STOCH RULE: sub-sqrt slope AND Reg/sqrt(T) falling AND deg-2-log fit R2>=0.97, for >=2 alphas -> PARTIAL

[wrote results.json]  adv_pass=True stoch_pass=False both=False
[runtime 6.9s]  numpy=2.2.6
EVIDENCE_BEGIN
{"orid": "j6gXeiPJ3z", "claim": "Theorem 5.1: HT-FTRL-UOB unknown-transition BoBW; adv O~(T^{1/a}+sqrt T), stoch O(log^2 T)", "reduction": "2-layer episodic MDP (s0 -> {good,bad}); transitions UNKNOWN, learned by doubling-epoch counts + UOB", "K": 3, "M": 2, "P0": 0.1, "C": 1.0, "cconf": 0.25, "dexp": 1.0, "n_seed": 16, "n_bisect": 6, "alphas": [1.3, 1.5, 2.0], "noise_moment_empirical": {"1.3": 0.6221200129045309, "1.5": 0.5979089172368979, "2.0": 0.4161691671753156}, "numpy": "2.2.6", "stochastic": {"tmax": 32000, "checkpoints": [1000, 2000, 4000, 8000, 16000, 32000], "delta": 0.35, "ratio_sqrt": 5.656854249492381, "per_alpha": {"1.3": {"reg_uob": [196.33640051173526, 367.940084730877, 679.3599579628102, 1206.6248217389414, 2102.962763269963, 3531.161703883128], "reg_oracle": [132.13959848876837, 227.66186470006457, 375.83910453008053, 603.9797929193057, 954.8765560695881, 1468.224007089433], "loglog_slope": 0.8347739217369521, "sqrt_tail_decreasing": false, "sqrt_decay_ratio": 3.179375270930415, "pass_": false, "r2_log": 0.8865350468197903, "r2_log2": 0.9959431681696013, "r2_sqrt": 0.9897673063854733}, "1.5": {"reg_uob": [180.53410344789398, 313.73074291813776, 538.4463500172415, 837.9613652667629, 1244.7053691806793, 1746.770551322306], "reg_oracle": [73.13446293839488, 104.35720107263374, 142.1766851178723, 188.30347433422244, 242.24820801295695, 302.57392965973435], "loglog_slope": 0.6564123322391949, "sqrt_tail_decreasing": false, "sqrt_decay_ratio": 1.7104154816564316, "pass_": false, "r2_log": 0.9557673207222628, "r2_log2": 0.9999379600269781, "r2_sqrt": 0.9983121211146314}, "2.0": {"reg_uob": [141.84709055968693, 214.750827565192, 305.69177120827794, 409.2385907500618, 515.9554966471072, 626.4361124392316], "reg_oracle": [23.98419877543504, 28.166237610163044, 32.24394529192197, 36.28983602630177, 40.26434136105465, 44.245462713207615], "loglog_slope": 0.4265362119533084, "sqrt_tail_decreasing": true, "sqrt_decay_ratio": 0.7806949394205762, "pass_": true, "r2_log": 0.9952204039487227, "r2_log2": 0.9996608818762757, "r2_sqrt": 0.9673401799236963}}, "n_pass": 1, "verdict_pass": false}, "adversarial": {"horizons": [1000, 2000, 4000, 8000], "C0": 1.5, "per_alpha": {"1.3": {"target": 0.7692307692307692, "uob_slope": 0.7476323569745413, "oracle_slope": 0.7413997066926595, "reg_uob": [176.67431296770636, 297.6572513494251, 498.34133431556444, 837.0842048504243], "reg_oracle": [123.60878210356152, 214.2398399502957, 345.61419204669636, 584.4724590250923], "uob_minus_oracle": [53.06553086414483, 83.4174113991294, 152.72714226886808, 252.61174582533192], "match": true}, "1.5": {"target": 0.6666666666666666, "uob_slope": 0.6515700103903083, "oracle_slope": 0.6328869947323864, "reg_uob": [91.19424318359991, 147.42193246913766, 227.5588458261259, 355.5744994318429], "reg_oracle": [65.41682200103871, 101.0652585896667, 155.2552853917125, 244.68152132725302], "uob_minus_oracle": [25.7774211825612, 46.35667387947096, 72.30356043441338, 110.8929781045899], "match": true}, "2.0": {"target": 0.5, "uob_slope": 0.48852438171192236, "oracle_slope": 0.46244220561084654, "reg_uob": [30.820317583165803, 42.77667246374893, 60.10481795623329, 85.07552843111522], "reg_oracle": [21.415577332382682, 28.739230124704775, 39.98196930586791, 55.84230720728636], "uob_minus_oracle": [9.40474025078312, 14.037442339044155, 20.122848650365377, 29.233221223828856], "match": true}}, "n_match": 3, "monotone": true, "sublinear": true, "verdict_pass": true}, "both_regimes_pass": false}
EVIDENCE_END
