  part yacht/gdn split 1: n(tr/va/te)=[221, 56, 31] lam=0.000214 crps_norm[ckme]=1.766 pval[none,ckme]=[0.183,0.012] (5.6s)
  part yacht/gdn split 3: n(tr/va/te)=[221, 56, 31] lam=3.65e-06 crps_norm[ckme]=1.747 pval[none,ckme]=[0.251,0.118] (3.8s)
  part yacht/gdn split 5: n(tr/va/te)=[221, 56, 31] lam=0.0004271 crps_norm[ckme]=1.455 pval[none,ckme]=[0.128,0.159] (2.6s)
  part yacht/gdn split 7: n(tr/va/te)=[221, 56, 31] lam=0.0003688 crps_norm[ckme]=0.906 pval[none,ckme]=[0.143,0.172] (3.8s)
  part yacht/gdn split 9: n(tr/va/te)=[221, 56, 31] lam=0.0002429 crps_norm[ckme]=1.419 pval[none,ckme]=[0.115,0.259] (3.6s)
  part bostonHousing/gdn split 1: n(tr/va/te)=[364, 91, 51] lam=0.00367 crps_norm[ckme]=1.348 pval[none,ckme]=[0.134,0.003] (1.5s)
  part bostonHousing/gdn split 3: n(tr/va/te)=[364, 91, 51] lam=0.002373 crps_norm[ckme]=1.641 pval[none,ckme]=[0.557,0.012] (2.4s)
BUDGET reached
ASSEMBLED yacht/gdn (38.8s total)
MISSING CELLS: 19 [('yacht', 'mdn'), ('yacht', 'bnn'), ('yacht', 'drf'), ('bostonHousing', 'gdn'), ('bostonHousing', 'mdn')]
  part bostonHousing/gdn split 5: n(tr/va/te)=[364, 91, 51] lam=0.002231 crps_norm[ckme]=1.288 pval[none,ckme]=[0.481,0.114] (3.5s)
  part bostonHousing/gdn split 7: n(tr/va/te)=[364, 91, 51] lam=0.002879 crps_norm[ckme]=1.099 pval[none,ckme]=[0.667,0.129] (1.5s)
  part bostonHousing/gdn split 9: n(tr/va/te)=[364, 91, 51] lam=0.002337 crps_norm[ckme]=1.119 pval[none,ckme]=[0.224,0.043] (1.4s)
  part energy/gdn split 1: n(tr/va/te)=[552, 139, 77] lam=0.00024 crps_norm[ckme]=1.133 pval[none,ckme]=[0.440,0.033] (4.9s)
  part energy/gdn split 3: n(tr/va/te)=[552, 139, 77] lam=0.0001651 crps_norm[ckme]=1.123 pval[none,ckme]=[0.032,0.001] (4.6s)
  part energy/gdn split 5: n(tr/va/te)=[552, 139, 77] lam=6.11e-05 crps_norm[ckme]=0.670 pval[none,ckme]=[0.058,0.227] (3.7s)
  part energy/gdn split 7: n(tr/va/te)=[552, 139, 77] lam=6.738e-05 crps_norm[ckme]=0.506 pval[none,ckme]=[0.043,0.030] (3.4s)
BUDGET reached
ASSEMBLED bostonHousing/gdn (19.6s total)
MISSING CELLS: 18 [('yacht', 'mdn'), ('yacht', 'bnn'), ('yacht', 'drf'), ('bostonHousing', 'mdn'), ('bostonHousing', 'bnn')]
  part energy/gdn split 9: n(tr/va/te)=[552, 139, 77] lam=0.0002306 crps_norm[ckme]=1.129 pval[none,ckme]=[0.348,0.098] (6.8s)
  part concrete/gdn split 1: n(tr/va/te)=[741, 186, 103] lam=0.0009799 crps_norm[ckme]=1.059 pval[none,ckme]=[0.164,0.109] (2.2s)
  part concrete/gdn split 3: n(tr/va/te)=[741, 186, 103] lam=0.001914 crps_norm[ckme]=1.000 pval[none,ckme]=[0.601,0.344] (1.6s)
  part concrete/gdn split 5: n(tr/va/te)=[741, 186, 103] lam=0.001437 crps_norm[ckme]=1.022 pval[none,ckme]=[0.079,0.008] (2.1s)
  part concrete/gdn split 7: n(tr/va/te)=[741, 186, 103] lam=0.001046 crps_norm[ckme]=0.984 pval[none,ckme]=[0.524,0.129] (2.3s)
  part concrete/gdn split 9: n(tr/va/te)=[741, 186, 103] lam=0.001013 crps_norm[ckme]=1.062 pval[none,ckme]=[0.003,0.002] (2.0s)
  part wine-quality-red/gdn split 1: n(tr/va/te)=[1151, 288, 160] lam=0.01169 crps_norm[ckme]=0.893 pval[none,ckme]=[0.000,0.003] (2.3s)
  part wine-quality-red/gdn split 3: n(tr/va/te)=[1151, 288, 160] lam=0.01967 crps_norm[ckme]=0.875 pval[none,ckme]=[0.000,0.004] (2.0s)
  part wine-quality-red/gdn split 5: n(tr/va/te)=[1151, 288, 160] lam=0.02313 crps_norm[ckme]=0.930 pval[none,ckme]=[0.000,0.000] (2.0s)
BUDGET reached
ASSEMBLED energy/gdn (46.8s total)
ASSEMBLED concrete/gdn (23.2s total)
MISSING CELLS: 16 [('yacht', 'mdn'), ('yacht', 'bnn'), ('yacht', 'drf'), ('bostonHousing', 'mdn'), ('bostonHousing', 'bnn')]
  part wine-quality-red/gdn split 7: n(tr/va/te)=[1151, 288, 160] lam=0.02995 crps_norm[ckme]=0.865 pval[none,ckme]=[0.000,0.006] (4.6s)
  part wine-quality-red/gdn split 9: n(tr/va/te)=[1151, 288, 160] lam=0.01804 crps_norm[ckme]=0.893 pval[none,ckme]=[0.000,0.000] (2.8s)
  part yacht/mdn split 1: n(tr/va/te)=[221, 56, 31] lam=0.0001077 crps_norm[ckme]=2.495 pval[none,ckme]=[0.038,0.011] (4.7s)
  part yacht/mdn split 3: n(tr/va/te)=[221, 56, 31] lam=0.0001691 crps_norm[ckme]=1.255 pval[none,ckme]=[0.045,0.050] (5.0s)
  part yacht/mdn split 5: n(tr/va/te)=[221, 56, 31] lam=0.0001667 crps_norm[ckme]=1.387 pval[none,ckme]=[0.156,0.046] (4.3s)
  part yacht/mdn split 7: n(tr/va/te)=[221, 56, 31] lam=9.641e-05 crps_norm[ckme]=1.280 pval[none,ckme]=[0.058,0.051] (4.9s)
BUDGET reached
MISSING CELLS: 15 [('yacht', 'mdn'), ('yacht', 'bnn'), ('yacht', 'drf'), ('bostonHousing', 'mdn'), ('bostonHousing', 'bnn')]
  part yacht/mdn split 9: n(tr/va/te)=[221, 56, 31] lam=0.0003348 crps_norm[ckme]=1.063 pval[none,ckme]=[0.057,0.042] (7.0s)
  part bostonHousing/mdn split 1: n(tr/va/te)=[364, 91, 51] lam=0.003176 crps_norm[ckme]=1.243 pval[none,ckme]=[0.070,0.009] (2.1s)
  part bostonHousing/mdn split 3: n(tr/va/te)=[364, 91, 51] lam=0.002791 crps_norm[ckme]=1.694 pval[none,ckme]=[0.571,0.006] (2.6s)
  part bostonHousing/mdn split 5: n(tr/va/te)=[364, 91, 51] lam=0.002471 crps_norm[ckme]=1.292 pval[none,ckme]=[0.434,0.059] (2.1s)
  part bostonHousing/mdn split 7: n(tr/va/te)=[364, 91, 51] lam=0.002091 crps_norm[ckme]=1.072 pval[none,ckme]=[0.257,0.097] (2.2s)
  part bostonHousing/mdn split 9: n(tr/va/te)=[364, 91, 51] lam=0.002692 crps_norm[ckme]=1.066 pval[none,ckme]=[0.286,0.032] (3.0s)
  part energy/mdn split 1: n(tr/va/te)=[552, 139, 77] lam=4.749e-05 crps_norm[ckme]=0.488 pval[none,ckme]=[0.165,0.139] (7.6s)
BUDGET reached
MISSING CELLS: 13 [('yacht', 'bnn'), ('yacht', 'drf'), ('bostonHousing', 'bnn'), ('bostonHousing', 'drf'), ('energy', 'mdn')]
  part energy/mdn split 3: n(tr/va/te)=[552, 139, 77] lam=3.142e-05 crps_norm[ckme]=0.622 pval[none,ckme]=[0.035,0.005] (10.4s)
  part energy/mdn split 5: n(tr/va/te)=[552, 139, 77] lam=0.0001314 crps_norm[ckme]=0.729 pval[none,ckme]=[0.281,0.130] (8.5s)
  part energy/mdn split 7: n(tr/va/te)=[552, 139, 77] lam=0.0001281 crps_norm[ckme]=0.687 pval[none,ckme]=[0.047,0.032] (8.2s)
BUDGET reached
MISSING CELLS: 13 [('yacht', 'bnn'), ('yacht', 'drf'), ('bostonHousing', 'bnn'), ('bostonHousing', 'drf'), ('energy', 'mdn')]
  part energy/mdn split 9: n(tr/va/te)=[552, 139, 77] lam=0.0001072 crps_norm[ckme]=0.740 pval[none,ckme]=[0.182,0.113] (9.3s)
  part concrete/mdn split 1: n(tr/va/te)=[741, 186, 103] lam=0.0004111 crps_norm[ckme]=1.108 pval[none,ckme]=[0.303,0.095] (3.1s)
  part concrete/mdn split 3: n(tr/va/te)=[741, 186, 103] lam=0.0004367 crps_norm[ckme]=1.065 pval[none,ckme]=[0.549,0.413] (6.2s)
  part concrete/mdn split 5: n(tr/va/te)=[741, 186, 103] lam=0.001305 crps_norm[ckme]=1.063 pval[none,ckme]=[0.145,0.002] (4.7s)
BUDGET reached
MISSING CELLS: 12 [('yacht', 'bnn'), ('yacht', 'drf'), ('bostonHousing', 'bnn'), ('bostonHousing', 'drf'), ('energy', 'bnn')]
  part concrete/mdn split 7: n(tr/va/te)=[741, 186, 103] lam=0.000603 crps_norm[ckme]=1.032 pval[none,ckme]=[0.664,0.156] (6.5s)
  part concrete/mdn split 9: n(tr/va/te)=[741, 186, 103] lam=0.0003961 crps_norm[ckme]=1.074 pval[none,ckme]=[0.019,0.002] (3.8s)
  part wine-quality-red/mdn split 1: n(tr/va/te)=[1151, 288, 160] lam=0.0428 crps_norm[ckme]=1.025 pval[none,ckme]=[0.019,0.007] (8.5s)
  part wine-quality-red/mdn split 3: n(tr/va/te)=[1151, 288, 160] lam=0.03416 crps_norm[ckme]=1.017 pval[none,ckme]=[0.005,0.003] (8.0s)
BUDGET reached
ASSEMBLED concrete/mdn (54.2s total)
MISSING CELLS: 11 [('yacht', 'bnn'), ('yacht', 'drf'), ('bostonHousing', 'bnn'), ('bostonHousing', 'drf'), ('energy', 'bnn')]
  part wine-quality-red/mdn split 5: n(tr/va/te)=[1151, 288, 160] lam=0.03148 crps_norm[ckme]=1.038 pval[none,ckme]=[0.052,0.002] (11.0s)
  part wine-quality-red/mdn split 7: n(tr/va/te)=[1151, 288, 160] lam=0.04322 crps_norm[ckme]=0.987 pval[none,ckme]=[0.001,0.002] (9.6s)
  part wine-quality-red/mdn split 9: n(tr/va/te)=[1151, 288, 160] lam=0.0211 crps_norm[ckme]=1.015 pval[none,ckme]=[0.074,0.015] (8.8s)
BUDGET reached
MISSING CELLS: 11 [('yacht', 'bnn'), ('yacht', 'drf'), ('bostonHousing', 'bnn'), ('bostonHousing', 'drf'), ('energy', 'bnn')]
  part yacht/bnn split 1: n(tr/va/te)=[221, 56, 31] lam=0.0001111 crps_norm[ckme]=1.503 pval[none,ckme]=[0.108,0.015] (7.2s)
  part yacht/bnn split 3: n(tr/va/te)=[221, 56, 31] lam=7.071e-05 crps_norm[ckme]=1.762 pval[none,ckme]=[0.102,0.074] (5.6s)
  part yacht/bnn split 5: n(tr/va/te)=[221, 56, 31] lam=0.0008492 crps_norm[ckme]=1.388 pval[none,ckme]=[0.056,0.105] (5.4s)
  part yacht/bnn split 7: n(tr/va/te)=[221, 56, 31] lam=0.0007467 crps_norm[ckme]=1.004 pval[none,ckme]=[0.178,0.193] (5.5s)
BUDGET reached
ASSEMBLED wine-quality-red/mdn (94.6s total)
MISSING CELLS: 10 [('yacht', 'bnn'), ('yacht', 'drf'), ('bostonHousing', 'bnn'), ('bostonHousing', 'drf'), ('energy', 'bnn')]
  part yacht/bnn split 9: n(tr/va/te)=[221, 56, 31] lam=0.000352 crps_norm[ckme]=1.327 pval[none,ckme]=[0.076,0.174] (7.9s)
  part bostonHousing/bnn split 1: n(tr/va/te)=[364, 91, 51] lam=0.002495 crps_norm[ckme]=1.372 pval[none,ckme]=[0.127,0.004] (2.4s)
  part bostonHousing/bnn split 3: n(tr/va/te)=[364, 91, 51] lam=0.002468 crps_norm[ckme]=1.566 pval[none,ckme]=[0.428,0.012] (3.4s)
  part bostonHousing/bnn split 5: n(tr/va/te)=[364, 91, 51] lam=0.002053 crps_norm[ckme]=1.215 pval[none,ckme]=[0.312,0.109] (3.5s)
  part bostonHousing/bnn split 7: n(tr/va/te)=[364, 91, 51] lam=0.002918 crps_norm[ckme]=1.097 pval[none,ckme]=[0.714,0.070] (2.2s)
  part bostonHousing/bnn split 9: n(tr/va/te)=[364, 91, 51] lam=0.002721 crps_norm[ckme]=0.989 pval[none,ckme]=[0.157,0.139] (2.9s)
BUDGET reached
ASSEMBLED yacht/bnn (59.2s total)
MISSING CELLS: 9 [('yacht', 'drf'), ('bostonHousing', 'bnn'), ('bostonHousing', 'drf'), ('energy', 'bnn'), ('energy', 'drf')]
  part energy/bnn split 1: n(tr/va/te)=[552, 139, 77] lam=0.0002929 crps_norm[ckme]=0.989 pval[none,ckme]=[0.012,0.042] (8.7s)
  part energy/bnn split 3: n(tr/va/te)=[552, 139, 77] lam=0.0001211 crps_norm[ckme]=1.145 pval[none,ckme]=[0.005,0.000] (6.6s)
  part energy/bnn split 5: n(tr/va/te)=[552, 139, 77] lam=0.0001676 crps_norm[ckme]=0.962 pval[none,ckme]=[0.142,0.156] (6.6s)
BUDGET reached
ASSEMBLED bostonHousing/bnn (27.9s total)
MISSING CELLS: 8 [('yacht', 'drf'), ('bostonHousing', 'drf'), ('energy', 'bnn'), ('energy', 'drf'), ('concrete', 'bnn')]
  part energy/bnn split 7: n(tr/va/te)=[552, 139, 77] lam=0.0001048 crps_norm[ckme]=0.865 pval[none,ckme]=[0.031,0.064] (8.6s)
  part energy/bnn split 9: n(tr/va/te)=[552, 139, 77] lam=0.0001998 crps_norm[ckme]=0.900 pval[none,ckme]=[0.124,0.148] (6.4s)
  part concrete/bnn split 1: n(tr/va/te)=[741, 186, 103] lam=0.001091 crps_norm[ckme]=1.027 pval[none,ckme]=[0.213,0.145] (2.8s)
  part concrete/bnn split 3: n(tr/va/te)=[741, 186, 103] lam=0.001073 crps_norm[ckme]=1.045 pval[none,ckme]=[0.339,0.305] (3.3s)
  part concrete/bnn split 5: n(tr/va/te)=[741, 186, 103] lam=0.00106 crps_norm[ckme]=1.043 pval[none,ckme]=[0.349,0.018] (3.4s)
BUDGET reached
ASSEMBLED energy/bnn (71.7s total)
MISSING CELLS: 7 [('yacht', 'drf'), ('bostonHousing', 'drf'), ('energy', 'drf'), ('concrete', 'bnn'), ('concrete', 'drf')]
  part concrete/bnn split 7: n(tr/va/te)=[741, 186, 103] lam=0.0005987 crps_norm[ckme]=1.040 pval[none,ckme]=[0.621,0.044] (7.5s)
  part concrete/bnn split 9: n(tr/va/te)=[741, 186, 103] lam=0.0003664 crps_norm[ckme]=1.094 pval[none,ckme]=[0.070,0.002] (5.2s)
  part wine-quality-red/bnn split 1: n(tr/va/te)=[1151, 288, 160] lam=0.0191 crps_norm[ckme]=0.910 pval[none,ckme]=[0.000,0.004] (4.8s)
  part wine-quality-red/bnn split 3: n(tr/va/te)=[1151, 288, 160] lam=0.03402 crps_norm[ckme]=0.879 pval[none,ckme]=[0.000,0.010] (3.6s)
  part wine-quality-red/bnn split 5: n(tr/va/te)=[1151, 288, 160] lam=0.02707 crps_norm[ckme]=0.928 pval[none,ckme]=[0.000,0.000] (3.3s)
BUDGET reached
MISSING CELLS: 7 [('yacht', 'drf'), ('bostonHousing', 'drf'), ('energy', 'drf'), ('concrete', 'bnn'), ('concrete', 'drf')]
  part wine-quality-red/bnn split 7: n(tr/va/te)=[1151, 288, 160] lam=0.02833 crps_norm[ckme]=0.872 pval[none,ckme]=[0.000,0.002] (6.1s)
  part wine-quality-red/bnn split 9: n(tr/va/te)=[1151, 288, 160] lam=0.0164 crps_norm[ckme]=0.900 pval[none,ckme]=[0.000,0.000] (3.9s)
  part yacht/drf split 1: n(tr/va/te)=[221, 56, 31] lam=0.0006011 crps_norm[ckme]=2.248 pval[none,ckme]=[0.393,0.007] (1.1s)
  part yacht/drf split 3: n(tr/va/te)=[221, 56, 31] lam=0.001328 crps_norm[ckme]=1.574 pval[none,ckme]=[0.265,0.082] (0.4s)
  part yacht/drf split 5: n(tr/va/te)=[221, 56, 31] lam=0.000896 crps_norm[ckme]=0.984 pval[none,ckme]=[0.428,0.305] (0.4s)
  part yacht/drf split 7: n(tr/va/te)=[221, 56, 31] lam=0.0007161 crps_norm[ckme]=1.040 pval[none,ckme]=[0.279,0.148] (0.5s)
  part yacht/drf split 9: n(tr/va/te)=[221, 56, 31] lam=0.0008164 crps_norm[ckme]=1.389 pval[none,ckme]=[0.565,0.328] (0.5s)
  part bostonHousing/drf split 1: n(tr/va/te)=[364, 91, 51] lam=0.005209 crps_norm[ckme]=1.276 pval[none,ckme]=[0.138,0.000] (0.9s)
  part bostonHousing/drf split 3: n(tr/va/te)=[364, 91, 51] lam=0.00315 crps_norm[ckme]=1.483 pval[none,ckme]=[0.306,0.013] (1.0s)
  part bostonHousing/drf split 5: n(tr/va/te)=[364, 91, 51] lam=0.003281 crps_norm[ckme]=1.153 pval[none,ckme]=[0.017,0.038] (0.9s)
  part bostonHousing/drf split 7: n(tr/va/te)=[364, 91, 51] lam=0.002281 crps_norm[ckme]=1.069 pval[none,ckme]=[0.778,0.097] (0.9s)
  part bostonHousing/drf split 9: n(tr/va/te)=[364, 91, 51] lam=0.002462 crps_norm[ckme]=1.091 pval[none,ckme]=[0.134,0.076] (0.9s)
  part energy/drf split 1: n(tr/va/te)=[552, 139, 77] lam=0.0002552 crps_norm[ckme]=1.001 pval[none,ckme]=[0.207,0.071] (0.6s)
  part energy/drf split 3: n(tr/va/te)=[552, 139, 77] lam=0.0002591 crps_norm[ckme]=1.024 pval[none,ckme]=[0.040,0.005] (0.6s)
  part energy/drf split 5: n(tr/va/te)=[552, 139, 77] lam=0.0002642 crps_norm[ckme]=0.951 pval[none,ckme]=[0.334,0.148] (0.6s)
  part energy/drf split 7: n(tr/va/te)=[552, 139, 77] lam=0.0002395 crps_norm[ckme]=0.805 pval[none,ckme]=[0.169,0.048] (0.7s)
  part energy/drf split 9: n(tr/va/te)=[552, 139, 77] lam=0.0002736 crps_norm[ckme]=0.975 pval[none,ckme]=[0.399,0.457] (0.7s)
  part concrete/drf split 1: n(tr/va/te)=[741, 186, 103] lam=0.0007021 crps_norm[ckme]=1.013 pval[none,ckme]=[0.528,0.148] (1.4s)
BUDGET reached
ASSEMBLED concrete/bnn (57.5s total)
MISSING CELLS: 6 [('yacht', 'drf'), ('bostonHousing', 'drf'), ('energy', 'drf'), ('concrete', 'drf'), ('wine-quality-red', 'bnn')]
  part concrete/drf split 3: n(tr/va/te)=[741, 186, 103] lam=0.000394 crps_norm[ckme]=1.007 pval[none,ckme]=[0.303,0.317] (2.0s)
  part concrete/drf split 5: n(tr/va/te)=[741, 186, 103] lam=0.0005965 crps_norm[ckme]=1.007 pval[none,ckme]=[0.039,0.000] (1.3s)
  part concrete/drf split 7: n(tr/va/te)=[741, 186, 103] lam=0.0005909 crps_norm[ckme]=0.928 pval[none,ckme]=[0.079,0.034] (1.4s)
  part concrete/drf split 9: n(tr/va/te)=[741, 186, 103] lam=0.0003452 crps_norm[ckme]=0.980 pval[none,ckme]=[0.027,0.002] (1.6s)
  part wine-quality-red/drf split 1: n(tr/va/te)=[1151, 288, 160] lam=0.005973 crps_norm[ckme]=1.019 pval[none,ckme]=[0.103,0.055] (3.1s)
  part wine-quality-red/drf split 3: n(tr/va/te)=[1151, 288, 160] lam=0.0132 crps_norm[ckme]=1.004 pval[none,ckme]=[0.129,0.017] (3.1s)
  part wine-quality-red/drf split 5: n(tr/va/te)=[1151, 288, 160] lam=0.01168 crps_norm[ckme]=1.050 pval[none,ckme]=[0.054,0.015] (2.9s)
  part wine-quality-red/drf split 7: n(tr/va/te)=[1151, 288, 160] lam=0.02135 crps_norm[ckme]=1.013 pval[none,ckme]=[0.099,0.182] (2.8s)
  part wine-quality-red/drf split 9: n(tr/va/te)=[1151, 288, 160] lam=0.02242 crps_norm[ckme]=1.024 pval[none,ckme]=[0.019,0.002] (2.9s)
ALL PARTS DONE (this worker)
ASSEMBLED yacht/drf (6.2s total)
ASSEMBLED bostonHousing/drf (9.3s total)
ASSEMBLED energy/drf (6.6s total)
ASSEMBLED wine-quality-red/bnn (42.9s total)
MISSING CELLS: 2 [('concrete', 'drf'), ('wine-quality-red', 'drf')]
ALL PARTS DONE (this worker)
MISSING CELLS: 2 [('concrete', 'drf'), ('wine-quality-red', 'drf')]
