RUN yacht/bnn
  split 0: n(tr/va/te)=[221, 56, 31] lam=0.0002448 crps_norm[pit,beta,ckme]=[0.809,0.825,1.918] (29.6s)
  split 1: n(tr/va/te)=[221, 56, 31] lam=0.0003402 crps_norm[pit,beta,ckme]=[1.016,0.966,1.569] (22.7s)
  split 2: n(tr/va/te)=[221, 56, 31] lam=0.001654 crps_norm[pit,beta,ckme]=[1.054,0.998,1.354] (16.2s)
  split 3: n(tr/va/te)=[221, 56, 31] lam=7.071e-05 crps_norm[pit,beta,ckme]=[1.022,1.020,1.762] (22.2s)
  split 4: n(tr/va/te)=[221, 56, 31] lam=0.0001077 crps_norm[pit,beta,ckme]=[1.145,1.150,0.831] (20.0s)
  split 5: n(tr/va/te)=[221, 56, 31] lam=0.0006446 crps_norm[pit,beta,ckme]=[1.056,0.961,1.734] (20.0s)
  split 6: n(tr/va/te)=[221, 56, 31] lam=0.000592 crps_norm[pit,beta,ckme]=[1.070,1.071,1.159] (19.7s)
  split 7: n(tr/va/te)=[221, 56, 31] lam=0.0007467 crps_norm[pit,beta,ckme]=[1.004,1.005,1.004] (19.4s)
  split 8: n(tr/va/te)=[221, 56, 31] lam=0.0005809 crps_norm[pit,beta,ckme]=[0.945,0.936,1.989] (21.6s)
  split 9: n(tr/va/te)=[221, 56, 31] lam=0.000352 crps_norm[pit,beta,ckme]=[0.949,0.953,1.327] (19.6s)
DONE yacht/bnn in 211.9s
RUN bostonHousing/bnn
  split 0: n(tr/va/te)=[364, 91, 51] lam=0.001941 crps_norm[pit,beta,ckme]=[1.022,1.047,1.133] (10.0s)
  split 1: n(tr/va/te)=[364, 91, 51] lam=0.002495 crps_norm[pit,beta,ckme]=[1.003,1.009,1.372] (9.4s)
  split 2: n(tr/va/te)=[364, 91, 51] lam=0.003074 crps_norm[pit,beta,ckme]=[1.004,1.004,1.328] (11.9s)
  split 3: n(tr/va/te)=[364, 91, 51] lam=0.002468 crps_norm[pit,beta,ckme]=[0.974,0.986,1.566] (13.0s)
  split 4: n(tr/va/te)=[364, 91, 51] lam=0.002309 crps_norm[pit,beta,ckme]=[0.999,0.999,1.219] (9.9s)
  split 5: n(tr/va/te)=[364, 91, 51] lam=0.002053 crps_norm[pit,beta,ckme]=[1.046,1.014,1.215] (13.5s)
  split 6: n(tr/va/te)=[364, 91, 51] lam=0.004753 crps_norm[pit,beta,ckme]=[1.033,1.025,1.211] (9.1s)
  split 7: n(tr/va/te)=[364, 91, 51] lam=0.002918 crps_norm[pit,beta,ckme]=[0.999,1.001,1.097] (10.1s)
  split 8: n(tr/va/te)=[364, 91, 51] lam=0.002952 crps_norm[pit,beta,ckme]=[1.020,1.011,1.019] (7.3s)
  split 9: n(tr/va/te)=[364, 91, 51] lam=0.002721 crps_norm[pit,beta,ckme]=[1.003,0.996,0.989] (11.6s)
DONE bostonHousing/bnn in 105.8s
RUN energy/bnn
  split 0: n(tr/va/te)=[552, 139, 77] lam=0.0002181 crps_norm[pit,beta,ckme]=[0.829,0.876,0.905] (25.8s)
  split 1: n(tr/va/te)=[552, 139, 77] lam=0.0002796 crps_norm[pit,beta,ckme]=[0.885,0.890,1.000] (24.3s)
  split 2: n(tr/va/te)=[552, 139, 77] lam=0.000137 crps_norm[pit,beta,ckme]=[0.840,0.850,0.593] (24.5s)
  split 3: n(tr/va/te)=[552, 139, 77] lam=0.0001211 crps_norm[pit,beta,ckme]=[0.886,0.886,1.145] (25.6s)
  split 4: n(tr/va/te)=[552, 139, 77] lam=0.0001676 crps_norm[pit,beta,ckme]=[1.053,1.043,0.869] (23.8s)
  split 5: n(tr/va/te)=[552, 139, 77] lam=0.0001818 crps_norm[pit,beta,ckme]=[0.939,0.939,0.990] (23.7s)
  split 6: n(tr/va/te)=[552, 139, 77] lam=0.0001851 crps_norm[pit,beta,ckme]=[0.930,0.930,1.135] (23.9s)
  split 7: n(tr/va/te)=[552, 139, 77] lam=0.000102 crps_norm[pit,beta,ckme]=[0.967,0.965,0.868] (29.3s)
  split 8: n(tr/va/te)=[552, 139, 77] lam=0.0001728 crps_norm[pit,beta,ckme]=[0.893,0.898,0.946] (23.6s)
  split 9: n(tr/va/te)=[552, 139, 77] lam=0.0001981 crps_norm[pit,beta,ckme]=[0.904,0.901,0.891] (27.2s)
DONE energy/bnn in 251.7s
RUN concrete/bnn
  split 0: n(tr/va/te)=[741, 186, 103] lam=0.001092 crps_norm[pit,beta,ckme]=[1.000,0.987,1.045] (15.0s)
  split 1: n(tr/va/te)=[741, 186, 103] lam=0.001096 crps_norm[pit,beta,ckme]=[0.999,1.000,1.028] (9.7s)
  split 2: n(tr/va/te)=[741, 186, 103] lam=0.0007774 crps_norm[pit,beta,ckme]=[1.002,1.000,0.976] (11.8s)
  split 3: n(tr/va/te)=[741, 186, 103] lam=0.001073 crps_norm[pit,beta,ckme]=[0.992,0.993,1.045] (11.1s)
  split 4: n(tr/va/te)=[741, 186, 103] lam=0.0009956 crps_norm[pit,beta,ckme]=[1.008,1.008,1.053] (23.6s)
  split 5: n(tr/va/te)=[741, 186, 103] lam=0.00106 crps_norm[pit,beta,ckme]=[0.998,1.005,1.043] (10.7s)
  split 6: n(tr/va/te)=[741, 186, 103] lam=0.0008663 crps_norm[pit,beta,ckme]=[1.012,1.016,1.068] (19.0s)
  split 7: n(tr/va/te)=[741, 186, 103] lam=0.0005987 crps_norm[pit,beta,ckme]=[1.014,1.011,1.040] (18.4s)
  split 8: n(tr/va/te)=[741, 186, 103] lam=0.0009287 crps_norm[pit,beta,ckme]=[0.979,0.975,0.996] (24.1s)
  split 9: n(tr/va/te)=[741, 186, 103] lam=0.0004632 crps_norm[pit,beta,ckme]=[1.009,1.010,1.085] (14.4s)
DONE concrete/bnn in 157.8s
RUN wine-quality-red/bnn
  split 0: n(tr/va/te)=[1151, 288, 160] lam=0.009066 crps_norm[pit,beta,ckme]=[1.003,1.001,0.939] (14.4s)
  split 1: n(tr/va/te)=[1151, 288, 160] lam=0.01225 crps_norm[pit,beta,ckme]=[1.001,1.009,0.905] (14.6s)
  split 2: n(tr/va/te)=[1151, 288, 160] lam=0.02776 crps_norm[pit,beta,ckme]=[1.006,1.012,0.939] (13.0s)
  split 3: n(tr/va/te)=[1151, 288, 160] lam=0.03402 crps_norm[pit,beta,ckme]=[0.995,0.995,0.879] (13.4s)
  split 4: n(tr/va/te)=[1151, 288, 160] lam=0.008613 crps_norm[pit,beta,ckme]=[1.003,1.007,0.863] (13.5s)
  split 5: n(tr/va/te)=[1151, 288, 160] lam=0.02707 crps_norm[pit,beta,ckme]=[1.013,1.022,0.928] (12.4s)
  split 6: n(tr/va/te)=[1151, 288, 160] lam=0.03438 crps_norm[pit,beta,ckme]=[1.002,0.995,0.934] (12.2s)
  split 7: n(tr/va/te)=[1151, 288, 160] lam=0.02833 crps_norm[pit,beta,ckme]=[0.998,0.999,0.872] (12.6s)
  split 8: n(tr/va/te)=[1151, 288, 160] lam=0.01751 crps_norm[pit,beta,ckme]=[0.996,0.996,0.876] (10.4s)
  split 9: n(tr/va/te)=[1151, 288, 160] lam=0.0164 crps_norm[pit,beta,ckme]=[1.008,1.008,0.900] (11.4s)
DONE wine-quality-red/bnn in 127.9s
PRESENT: ['bostonHousing__bnn.json', 'bostonHousing__drf.json', 'bostonHousing__gdn.json', 'bostonHousing__mdn.json', 'concrete__bnn.json', 'concrete__drf.json', 'concrete__gdn.json', 'concrete__mdn.json', 'energy__bnn.json', 'energy__drf.json', 'energy__gdn.json', 'energy__mdn.json', 'wine-quality-red__bnn.json', 'wine-quality-red__drf.json', 'wine-quality-red__gdn.json', 'yacht__bnn.json', 'yacht__drf.json', 'yacht__gdn.json', 'yacht__mdn.json']
