W0718 01:56:32.516000 52560 site-packages\torch\distributed\elastic\multiprocessing\redirects.py:29] NOTE: Redirects are currently not supported in Windows or MacOs.
W0718 01:56:34.397000 52560 site-packages\torch\utils\flop_counter.py:29] triton not found; flop counting will not work for triton kernels
Loaded 100 official prompts (sha256-verified).

--- l8_h8 (Adam) ---
  seed 1: loaded from C:\Users\sahil\.cache\huggingface\hub\models--karanbali--attention_head_seed_stability\snapshots\a1148a78942455dea94e971632a8b48159c64e86\l8_h8\causal_attn_l8_h8_seed1_epoch1_c4_gelu\final.pt
  seed 2: loaded from C:\Users\sahil\.cache\huggingface\hub\models--karanbali--attention_head_seed_stability\snapshots\a1148a78942455dea94e971632a8b48159c64e86\l8_h8\causal_attn_l8_h8_seed2_epoch1_c4_gelu\final.pt
  seed 3: loaded from C:\Users\sahil\.cache\huggingface\hub\models--karanbali--attention_head_seed_stability\snapshots\a1148a78942455dea94e971632a8b48159c64e86\l8_h8\causal_attn_l8_h8_seed3_epoch1_c4_gelu\final.pt
  seed 4: loaded from C:\Users\sahil\.cache\huggingface\hub\models--karanbali--attention_head_seed_stability\snapshots\a1148a78942455dea94e971632a8b48159c64e86\l8_h8\causal_attn_l8_h8_seed4_epoch1_c4_gelu\final.pt
  seed 5: loaded from C:\Users\sahil\.cache\huggingface\hub\models--karanbali--attention_head_seed_stability\snapshots\a1148a78942455dea94e971632a8b48159c64e86\l8_h8\causal_attn_l8_h8_seed5_epoch1_c4_gelu\final.pt
  finished refit 1/5 as inst_1
  finished refit 2/5 as inst_1
  finished refit 3/5 as inst_1
  finished refit 4/5 as inst_1
  finished refit 5/5 as inst_1
  Layer-wise residual CKA (RBF): 1:0.855425, 2:0.908264, 3:0.919255, 4:0.905642, 5:0.897030, 6:0.927463, 7:0.918579, 8:0.899088
  Overall mean (all pairs incl. self): 0.903843
  Overall mean (off-diagonal pairs only): 0.879804

--- l8_h8_wd (AdamW) ---
  seed 1: loaded from C:\Users\sahil\.cache\huggingface\hub\models--karanbali--attention_head_seed_stability\snapshots\a1148a78942455dea94e971632a8b48159c64e86\l8_h8_wd\causal_attn_l8_h8_seed1_epoch1_c4_gelu\final.pt
  seed 2: loaded from C:\Users\sahil\.cache\huggingface\hub\models--karanbali--attention_head_seed_stability\snapshots\a1148a78942455dea94e971632a8b48159c64e86\l8_h8_wd\causal_attn_l8_h8_seed2_epoch1_c4_gelu\final.pt
  seed 3: loaded from C:\Users\sahil\.cache\huggingface\hub\models--karanbali--attention_head_seed_stability\snapshots\a1148a78942455dea94e971632a8b48159c64e86\l8_h8_wd\causal_attn_l8_h8_seed3_epoch1_c4_gelu\final.pt
  seed 4: loaded from C:\Users\sahil\.cache\huggingface\hub\models--karanbali--attention_head_seed_stability\snapshots\a1148a78942455dea94e971632a8b48159c64e86\l8_h8_wd\causal_attn_l8_h8_seed4_epoch1_c4_gelu\final.pt
  seed 5: loaded from C:\Users\sahil\.cache\huggingface\hub\models--karanbali--attention_head_seed_stability\snapshots\a1148a78942455dea94e971632a8b48159c64e86\l8_h8_wd\causal_attn_l8_h8_seed5_epoch1_c4_gelu\final.pt
  finished refit 1/5 as inst_1
  finished refit 2/5 as inst_1
  finished refit 3/5 as inst_1
  finished refit 4/5 as inst_1
  finished refit 5/5 as inst_1
  Layer-wise residual CKA (RBF): 1:0.946626, 2:0.922938, 3:0.911900, 4:0.886325, 5:0.882237, 6:0.869752, 7:0.867575, 8:0.896189
  Overall mean (all pairs incl. self): 0.897943
  Overall mean (off-diagonal pairs only): 0.872428

=== Residual-stream vs. head-level stability summary ===
Adam  residual CKA (RBF, all pairs)   = 0.903843
AdamW residual CKA (RBF, all pairs)   = 0.897943
Adam  residual CKA (RBF, off-diagonal) = 0.879804
AdamW residual CKA (RBF, off-diagonal) = 0.872428
[cross-ref] Adam head-level mean stability  = 0.815329
[cross-ref] AdamW head-level mean stability  = 0.862876
Residual > head stability (Adam):  True
Residual > head stability (AdamW): True
Wall time: 2002.728s

Wrote C:\Users\sahil\OneDrive\Documents\Playground\icml-repro-pilot\submissions\attention-head-stability-pilot\.trackio\logbook\evidence-package\claim4\results.json
EXIT_CODE=0

=== Re-aggregation: anchor-refit convention (seed1 vs seeds2-5), matching Claims 1-3 ===
Adam  residual CKA (RBF, anchor vs others, 32 comparisons) = 0.866637
AdamW residual CKA (RBF, anchor vs others, 32 comparisons) = 0.877235
AdamW residual > Adam residual (anchor convention): True
[cross-ref] Adam head-level mean stability  = 0.815329
[cross-ref] AdamW head-level mean stability  = 0.862876
Residual > head stability (Adam, anchor):  True
Residual > head stability (AdamW, anchor):  True
