== heavy-tailed noise check (E[|noise|^a]<=sigma^a=1) ==  DELTA=1.75 (fixed), K=4
  alpha= 1.3:  E[|noise|^a]= 0.656   var=       14.8
  alpha= 1.5:  E[|noise|^a]= 0.689   var=        5.9
  alpha= 2.0:  E[|noise|^a]= 0.456   var=        0.5

== STOCHASTIC regime (fixed gap Delta=1.75, i.i.d.): single run to T=96000, 48 seeds/alpha, bisect=8 ==
   checkpoints T = [1000, 2000, 4000, 8000, 16000, 32000, 64000, 96000]

== Cumulative pseudo-regret Reg_T (mean over seeds) ==
    alpha     1000     2000     4000     8000    16000    32000    64000    96000
      1.3   218.10   276.72   345.37   421.89   510.22   617.17   747.37   825.80
      1.5   176.59   212.45   253.78   294.41   336.02   376.74   419.33   445.44
      2.0   179.10   207.05   236.69   267.83   300.88   331.71   363.62   381.03

== growth over T range 1000->96000 (96x): log-ratio=1.66, sqrt-ratio=9.80, T^(1/1.5)-ratio=20.97 ==

== FIT: measured Reg_T vs models (target O(log T)) ==
    alpha  measured  R2(logT)  R2(sqrtT)   R2(T)  loglog_p logT PASS?
      1.3    825.80    0.9802     0.9765   0.871     0.289        yes
      1.5    445.44    0.9996     0.9256   0.783     0.200        yes
      2.0    381.03    0.9996     0.9224   0.776     0.165        yes

== Normalized regret: Reg_T/ln(T) (should be ~flat) vs Reg_T/sqrt(T) (should fall) ==
   alpha=1.3:  Reg/lnT  = [31.57, 36.41, 41.64, 46.94, 52.71, 59.49, 67.53, 71.98]
             Reg/sqrtT = [6.897, 6.188, 5.461, 4.717, 4.034, 3.450, 2.954, 2.665]
   alpha=1.5:  Reg/lnT  = [25.56, 27.95, 30.60, 32.76, 34.71, 36.32, 37.89, 38.83]
             Reg/sqrtT = [5.584, 4.750, 4.013, 3.292, 2.657, 2.106, 1.658, 1.438]
   alpha=2.0:  Reg/lnT  = [25.93, 27.24, 28.54, 29.80, 31.08, 31.98, 32.86, 33.21]
             Reg/sqrtT = [5.664, 4.630, 3.742, 2.994, 2.379, 1.854, 1.437, 1.230]

== RULE: O(log T) signature (R2(a+b logT)>=0.97 AND log-fit>=sqrt-fit AND loglog slope<0.5 AND Reg/sqrt(T) decreasing) for >=2 of 3 alphas ==
   passes=3/3

== BoBW contrast (SAME algorithm), log-log slope of Reg_T vs T ==
    alpha adv slope (~1/a)  stoch slope (~0)
      1.3            0.752             0.289
      1.5            0.649             0.200
      2.0            0.502             0.165

RESULT: PASS
[runtime 18.4s]  numpy=2.2.6
[wrote results.json]
EVIDENCE_BEGIN
{"orid": "j6gXeiPJ3z", "claim": "Theorem 4.1 stochastic half: HT-FTRL-OM Reg_T=O(log T) on fixed-gap i.i.d. instance", "regime": "stochastic/self-bounding (fixed gap, i.i.d.)", "reduction": "H=1,S=1,A=K bandit; 1/alpha-Tsallis FTRL + skipping estimator", "K": 4, "base": 0.5, "delta": 1.75, "beta": 1.0, "C": 1.0, "sigma": 1.0, "mcap": 1000000.0, "n_seed": 48, "n_bisect": 8, "tmax": 96000, "checkpoints": [1000, 2000, 4000, 8000, 16000, 32000, 64000, 96000], "alphas": [1.3, 1.5, 2.0], "noise_moment_empirical": {"1.3": 0.6556924371567618, "1.5": 0.6885805822094552, "2.0": 0.4562719506028017}, "ratio_log": 1.6607570776798561, "ratio_sqrt": 9.797958971132712, "regret_curves": {"1.3": [218.09599013621803, 276.72232328284815, 345.3720848247835, 421.89326243388444, 510.2198106611257, 617.1708363248403, 747.3684813602841, 825.798737907331], "1.5": [176.59413554100692, 212.44799533295156, 253.7801107044618, 294.40726969039525, 336.024075593404, 376.7439866592008, 419.33413912718544, 445.43800196607185], "2.0": [179.10373059464064, 207.05082810638942, 236.6913077665565, 267.83224840591055, 300.8764310760882, 331.7078592496572, 363.6225818949028, 381.0257226892284]}, "fits": {"1.3": {"measured": [218.09599013621803, 276.72232328284815, 345.3720848247835, 421.89326243388444, 510.2198106611257, 617.1708363248403, 747.3684813602841, 825.798737907331], "cv_reg_over_logT": 0.2667950542593234, "sqrt_decay_ratio": 0.3864478695909527, "sqrt_tail_decreasing": true, "growth_ratio": 3.786400370733799, "pass_": true, "r2_log": 0.9802048218630852, "r2_sqrt": 0.9765279801119611, "r2_linT": 0.8713697559432845, "loglog_slope": 0.28888544975494596, "b_log": 133.01089562231545, "a_log": -741.3798647621288}, "1.5": {"measured": [176.59413554100692, 212.44799533295156, 253.7801107044618, 294.40726969039525, 336.024075593404, 376.7439866592008, 419.33413912718544, 445.43800196607185], "cv_reg_over_logT": 0.13452257467266654, "sqrt_decay_ratio": 0.2574396118155074, "sqrt_tail_decreasing": true, "growth_ratio": 2.522382754112674, "pass_": true, "r2_log": 0.9995755463243632, "r2_sqrt": 0.9256266852949362, "r2_linT": 0.7826008932701268, "loglog_slope": 0.1997351627476229, "b_log": 59.148701826811674, "a_log": -235.6071859893417}, "2.0": {"measured": [179.10373059464064, 207.05082810638942, 236.6913077665565, 267.83224840591055, 300.8764310760882, 331.7078592496572, 363.6225818949028, 381.0257226892284], "cv_reg_over_logT": 0.08302301931812345, "sqrt_decay_ratio": 0.21712710756245143, "sqrt_tail_decreasing": true, "growth_ratio": 2.1274024914176186, "pass_": true, "r2_log": 0.9996142496515421, "r2_sqrt": 0.922387119274426, "r2_linT": 0.776305158376507, "loglog_slope": 0.16464395316147404, "b_log": 44.72768189142609, "a_log": -132.38065603748376}}, "n_pass": 3, "verdict_pass": true, "adversarial_slope_recorded": {"1.3": 0.7517345621533613, "1.5": 0.6494824802918058, "2.0": 0.5016237924135452}, "stochastic_loglog_slope": {"1.3": 0.28888544975494596, "1.5": 0.1997351627476229, "2.0": 0.16464395316147404}, "numpy": "2.2.6"}
EVIDENCE_END
